// Jest Snapshot v1, https://goo.gl/fbAQLP

exports[`Mostrar correctamente el componente 1`] = `
<View
  style={
    Object {
      "marginBottom": 10,
      "marginLeft": 10,
    }
  }
>
  <Text>
    Submission 
    1
  </Text>
  <View
    style={
      Object {
        "marginLeft": 10,
      }
    }
  >
    <Text>
      eer
    </Text>
    <Text>
      rkr
    </Text>
    <Text>
      3
    </Text>
  </View>
</View>
`;
